
> frontend-react@0.0.0 dev
> vite


  [32m[1mVITE[22m v8.1.3[39m  [2mready in [0m[1m309[22m[2m[0m ms[22m

  [32m➜[39m  [1mLocal[22m:   [36mhttp://localhost:[1m5174[22m/[39m
[2m  [32m➜[39m  [1mNetwork[22m[2m: use [22m[1m--host[22m[2m to expose[22m
[2m21:03:07[22m [33m[1m[vite][22m[39m [33m[2m(client)[22m[39m [2m[console.warn] [22m[tiptap warn]: Duplicate extension names found: ['link', 'underline']. This can lead to issues.
[2m21:03:07[22m [33m[1m[vite][22m[39m [33m[2m(client)[22m[39m [2m[console.warn] [22m[tiptap warn]: Duplicate extension names found: ['link', 'underline']. This can lead to issues.
[2m21:03:07[22m [33m[1m[vite][22m[39m [33m[2m(client)[22m[39m [2m[console.warn] [22m[tiptap warn]: Duplicate extension names found: ['link', 'underline']. This can lead to issues.
[2m21:03:07[22m [33m[1m[vite][22m[39m [33m[2m(client)[22m[39m [2m[console.warn] [22m[tiptap warn]: Duplicate extension names found: ['link', 'underline']. This can lead to issues.
[2m21:03:43[22m [33m[1m[vite][22m[39m [33m[2m(client)[22m[39m [2m[console.warn] [22m[tiptap warn]: Duplicate extension names found: ['link', 'underline']. This can lead to issues.
[2m21:03:43[22m [33m[1m[vite][22m[39m [33m[2m(client)[22m[39m [2m[console.warn] [22m[tiptap warn]: Duplicate extension names found: ['link', 'underline']. This can lead to issues.
[2m21:11:12[22m [36m[1m[vite][22m[39m [90m[2m(client)[22m[39m [32mhmr update [39m[2m/src/index.css, /src/components/common/RichTextEditor.tsx[22m
[2m21:11:18[22m [36m[1m[vite][22m[39m [90m[2m(client)[22m[39m [32mhmr update [39m[2m/src/index.css, /src/components/common/RichTextEditor.tsx[22m
[2m21:11:22[22m [36m[1m[vite][22m[39m [90m[2m(client)[22m[39m [32mhmr update [39m[2m/src/index.css, /src/components/common/RichTextEditor.tsx[22m
[2m21:11:30[22m [36m[1m[vite][22m[39m [90m[2m(client)[22m[39m [32mhmr update [39m[2m/src/index.css[22m
[2m21:12:47[22m [36m[1m[vite][22m[39m [90m[2m(client)[22m[39m [32mhmr update [39m[2m/src/index.css, /src/views/review/ReviewEditView.tsx[22m
[2m21:13:26[22m [31m[1m[vite][22m[39m [31m[2m(client)[22m[39m [31m[Unhandled rejection] [1mUnknown Error[22m: [object Object]
[39m
[2m21:13:26[22m [31m[1m[vite][22m[39m [31m[2m(client)[22m[39m [31m[Unhandled rejection] [1mUnknown Error[22m: [object Object]
[39m
[2m21:13:52[22m [33m[1m[vite][22m[39m [33m[2m(client)[22m[39m [2m[console.warn] [22m[tiptap warn]: Duplicate extension names found: ['link', 'underline']. This can lead to issues.
[2m21:13:52[22m [33m[1m[vite][22m[39m [33m[2m(client)[22m[39m [2m[console.warn] [22m[tiptap warn]: Duplicate extension names found: ['link', 'underline']. This can lead to issues.
[2m21:13:52[22m [33m[1m[vite][22m[39m [33m[2m(client)[22m[39m [2m[console.warn] [22m[tiptap warn]: Duplicate extension names found: ['link', 'underline']. This can lead to issues.
[2m21:13:52[22m [33m[1m[vite][22m[39m [33m[2m(client)[22m[39m [2m[console.warn] [22m[tiptap warn]: Duplicate extension names found: ['link', 'underline']. This can lead to issues.
[2m21:14:19[22m [33m[1m[vite][22m[39m [33m[2m(client)[22m[39m [2m[console.warn] [22m[tiptap warn]: Duplicate extension names found: ['link', 'underline']. This can lead to issues.
[2m21:14:19[22m [33m[1m[vite][22m[39m [33m[2m(client)[22m[39m [2m[console.warn] [22m[tiptap warn]: Duplicate extension names found: ['link', 'underline']. This can lead to issues.
[2m21:14:19[22m [33m[1m[vite][22m[39m [33m[2m(client)[22m[39m [2m[console.warn] [22m[tiptap warn]: Duplicate extension names found: ['link', 'underline']. This can lead to issues.
[2m21:14:19[22m [33m[1m[vite][22m[39m [33m[2m(client)[22m[39m [2m[console.warn] [22m[tiptap warn]: Duplicate extension names found: ['link', 'underline']. This can lead to issues.
[2m21:24:05[22m [36m[1m[vite][22m[39m [90m[2m(client)[22m[39m [32mhmr update [39m[2m/src/index.css, /src/views/review/ReviewEditView.tsx[22m
[2m21:24:05[22m [31m[1m[vite][22m[39m [31mInternal server error: Transform failed with 1 error:

[31m[PARSE_ERROR] [0mExpected `}` but found `{`
     [38;5;246m╭[0m[38;5;246m─[0m[38;5;246m[[0m src/views/review/ReviewEditView.tsx:138:7 [38;5;246m][0m
     [38;5;246m│[0m
 [38;5;246m138 │[0m [38;5;249m [0m[38;5;249m [0m[38;5;249m [0m[38;5;249m [0m[38;5;249m [0m[38;5;249m [0m{[38;5;249m/[0m[38;5;249m*[0m[38;5;249m [0m[38;5;249m答[0m[38;5;249m案[0m[38;5;249m编[0m[38;5;249m辑[0m[38;5;249m区[0m[38;5;249m（[0m[38;5;249m占[0m[38;5;249m满[0m[38;5;249m可[0m[38;5;249m视[0m[38;5;249m高[0m[38;5;249m度[0m[38;5;249m，[0m[38;5;249m保[0m[38;5;249m留[0m[38;5;249m左[0m[38;5;249m侧[0m[38;5;249m菜[0m[38;5;249m单[0m[38;5;249m）[0m[38;5;249m [0m[38;5;249m*[0m[38;5;249m/[0m[38;5;249m}[0m
 [38;5;240m    │[0m       ┬  
 [38;5;240m    │[0m       ╰── `}` expected
[38;5;246m─────╯[0m
[39m
  Plugin: [35mvite:oxc[39m
  File: [36mD:/fupan/frontend-react/src/views/review/ReviewEditView.tsx[39m
      at transformWithOxc (file:///D:/fupan/frontend-react/node_modules/vite/dist/node/chunks/node.js:3661:19)
      at TransformPluginContext.transform (file:///D:/fupan/frontend-react/node_modules/vite/dist/node/chunks/node.js:3732:26)
      at EnvironmentPluginContainer.transform (file:///D:/fupan/frontend-react/node_modules/vite/dist/node/chunks/node.js:29745:51)
      at async loadAndTransform (file:///D:/fupan/frontend-react/node_modules/vite/dist/node/chunks/node.js:19729:26)
      at async viteTransformMiddleware (file:///D:/fupan/frontend-react/node_modules/vite/dist/node/chunks/node.js:24160:20)
[2m21:24:05[22m [31m[1m[vite][22m[39m [31m[2m(client)[22m[39m [2m[console.error] [22m[vite] Failed to reload /src/views/review/ReviewEditView.tsx. This could be due to syntax errors or importing non-existent modules. (see errors above)
[2m21:24:14[22m [36m[1m[vite][22m[39m [90m[2m(client)[22m[39m [32mhmr update [39m[2m/src/index.css, /src/views/review/ReviewEditView.tsx[22m
[2m21:24:31[22m [36m[1m[vite][22m[39m [90m[2m(client)[22m[39m [32mhmr update [39m[2m/src/index.css, /src/views/review/ReviewEditView.tsx[22m
[2m21:29:10[22m [33m[1m[vite][22m[39m [33m[2m(client)[22m[39m [2m[console.warn] [22m[tiptap warn]: Duplicate extension names found: ['link', 'underline']. This can lead to issues.
[2m21:29:10[22m [33m[1m[vite][22m[39m [33m[2m(client)[22m[39m [2m[console.warn] [22m[tiptap warn]: Duplicate extension names found: ['link', 'underline']. This can lead to issues.
[2m21:29:10[22m [33m[1m[vite][22m[39m [33m[2m(client)[22m[39m [2m[console.warn] [22m[tiptap warn]: Duplicate extension names found: ['link', 'underline']. This can lead to issues.
[2m21:29:10[22m [33m[1m[vite][22m[39m [33m[2m(client)[22m[39m [2m[console.warn] [22m[tiptap warn]: Duplicate extension names found: ['link', 'underline']. This can lead to issues.
[2m21:30:39[22m [33m[1m[vite][22m[39m [33m[2m(client)[22m[39m [2m[console.warn] [22m[tiptap warn]: Duplicate extension names found: ['link', 'underline']. This can lead to issues.
[2m21:30:39[22m [33m[1m[vite][22m[39m [33m[2m(client)[22m[39m [2m[console.warn] [22m[tiptap warn]: Duplicate extension names found: ['link', 'underline']. This can lead to issues.
[2m21:30:39[22m [33m[1m[vite][22m[39m [33m[2m(client)[22m[39m [2m[console.warn] [22m[tiptap warn]: Duplicate extension names found: ['link', 'underline']. This can lead to issues.
[2m21:30:39[22m [33m[1m[vite][22m[39m [33m[2m(client)[22m[39m [2m[console.warn] [22m[tiptap warn]: Duplicate extension names found: ['link', 'underline']. This can lead to issues.
[2m21:31:31[22m [31m[1m[vite][22m[39m [31m[2m(client)[22m[39m [31m[Unhandled rejection] [1mUnknown Error[22m: Internal Server Error
[39m
[2m21:31:33[22m [31m[1m[vite][22m[39m [31m[2m(client)[22m[39m [31m[Unhandled rejection] [1mUnknown Error[22m: Internal Server Error
[39m
[2m21:31:34[22m [31m[1m[vite][22m[39m [31m[2m(client)[22m[39m [31m[Unhandled rejection] [1mUnknown Error[22m: Internal Server Error
[39m
